[2026-09-28 07:06:07] kutish: gp_1e11.txt
[2026-09-28 08:55:10] 1e11:   804198 natija, r2>=7:        1
[2026-09-28 08:55:10] elak boshlandi N=797507543734 (80 shard, 10 parallel)
[2026-09-28 11:37:15] yakun.sh (38599) qo'lda to'xtatildi: shard_0 dumi — 79 shard (1..79) nomzodlari oldindan yo'qotiladi (nomzod_yuqori_A.txt)
[2026-09-28 11:37:46] yoqot A boshlandi: 8191477 nomzod, 9 ishchi, 20000 lik bo'lak
tugagan shard: 80 / 80
N=797507543734: T 143452705272 · nomzod:  9053344
[2026-09-28 11:49:35] elak 80/80: T=143452705272 = pi_sanoq ✓ · 1e11 izchil 804198 ✓ · k>1e11 = A 8191477 + B 57669 = 8249146 ✓ · yoqot B boshlandi (1 ishchi)
[2026-09-28 11:58:14] yakun2: A (66726) va B (69866) kutilmoqda
[2026-09-28 12:09:02] yakun3: B (69866) kutilmoqda
[2026-09-28 13:30:35] bo_ishla v3 o'rnatildi: yangi bo'laklar 2-izogen y^2=x^3+4k^2x da (1.80x, A5 nazorat a(5..7) ✓); eski bo'laklar E_k da — ikkalasi shartsiz yuqori chegara
[2026-09-28 13:45:05] yakun3: B tugadi:    57669 /    57669 natija · bo'lak        3 /        3 · to'plam farqi:        0 · ERR: 0 · r2>=7 (QOLDI):        0 · r2 taqsimoti:  113 0 48392 1  138 2 8955 3   11 4   60 5  · teskari ishchi boshlandi
[2026-09-28 23:22:21] mw_tekshir: tanlov r2>=5 → r2>=6 (+1000 tasodifiy); sabab: yuqori oraliqda r2>=5 = 231676 ta (~122 soat)
[2026-09-29 03:15:48] yakun3: A (66726) va teskari ishchi (78758) tugadi; A qayta tekshiruv
 8191477 /  8191477 natija · bo'lak      410 /      410 · to'plam farqi:        0 · ERR: 0 · r2>=7 (QOLDI):      162 · r2 taqsimoti: 22379 0 2186663 1 311268 2 5296401 3 121259 4 252722 5  623 6  162 7 
[2026-09-29 03:16:06] yakun3: A yakuniy exit=0
qoldiq nomzodlar:      162
112602328846 3 3
157527952934 3 3
166156484262 1 3
169583550358 3 3
174240603942 3 3
175484951862 1 3
177706254198 3 3
181473704742 3 3
184086863918 1 3
185333899646 1 3
186739841606 5 5
190836335974 3 3
191137635814 3 3
194965613286 3 3
203473907854 3 3
205898709126 3 3
211727049926 3 3
216341924126 1 3
216911841766 5 5
220092640246 3 5
222998119014 3 3
224805737046 1 1
228176572742 3 3
248084290214 5 5
248200335174 3 3
254610730718 1 3
254766764366 3 3
255741097358 3 3
261406025142 3 5
274154851718 1 3
279120236758 3 5
279892250102 1 5
289105076366 5 5
294578646014 1 3
303921594966 3 3
304378499766 3 3
309055291494 1 3
324734339694 3 3
326544115557 3 3
329210196774 1 3
340940412022 3 3
344870606982 1 1
346087787686 3 3
354958700758 1 3
368993626998 3 5
369369558102 1 3
373295696854 3 5
380318758278 1 1
381613190934 1 3
382842689878 1 3
383030009862 3 5
391900270614 3 3
396718860102 1 5
398086491854 3 3
410595865926 3 5
413669244054 1 3
418052232582 1 3
420073941982 3 3
422132417414 1 3
432615414198 1 3
436365217014 1 3
437129679911 5 5
443776277526 1 1
453319930174 3 3
454904622678 3 3
458394227246 5 5
468324083126 1 3
470786883654 1 1
472271923398 1 3
476844361926 1 3
478979360174 1 3
484386393134 1 3
485264745174 1 3
485951559621 3 3
506645247574 3 3
506925889734 1 3
509718554934 1 3
514135750614 1 3
517153870326 3 3
517417236182 1 3
521622877894 1 3
521689290166 3 3
521888462742 1 3
523449644358 1 3
530086501318 3 3
530846812518 3 5
531257669222 3 3
535937366854 5 5
539715150678 3 3
541140080646 1 3
541415882166 1 3
544601481414 1 3
551584201381 5 5
551722506734 5 5
552904554406 1 3
553203727438 3 3
566831664382 1 3
568335821622 1 3
574298701878 3 3
578976840662 1 5
579967450622 3 3
581978150886 5 5
584529891806 1 3
586632256134 1 5
588132566134 1 3
588621775814 1 3
590482923566 3 3
592006427102 1 3
597884410326 3 3
607047740302 1 3
617573131494 1 3
620194689086 3 3
620489322582 3 3
623777213382 3 5
629321057926 3 3
632000474166 3 3
632548155494 5 5
633222828662 3 3
636076786606 1 3
638266385398 3 3
647356277254 5 5
647933070374 3 5
650664062598 1 1
652045602774 3 5
654252132102 1 3
655186470726 3 3
665566768966 1 3
669459096966 1 1
674500552374 3 3
675581409286 1 3
678867494494 3 3
679968064726 3 5
680179171782 3 3
682912407022 1 3
684080378806 3 3
685399403478 1 3
688000992902 1 3
693422448814 1 3
693452112438 1 3
695718519078 1 1
699061203798 1 3
707493390758 1 3
712743836838 1 1
713555122758 1 3
720413596742 1 3
721316962806 3 3
723290040726 1 1
736965948774 1 3
740191832886 3 5
741253960054 1 3
753310544982 1 5
754786282998 3 3
755829209478 1 3
759791675238 1 5
762004527702 1 1
762627194405 5 5
765827579334 1 3
774981638006 1 3
777237514166 1 3
782489622782 1 3
791898609614 3 3
797438568102 3 5
izogeniya bilan ham r2>=7 qolganlar:        0
[2026-09-29 03:26:00] yakun3: verify_yakun exit=0 · 4/4 o'tdi
[2026-09-29 05:11:54] yakun3: mwrank exit=0 · 1788/1788 mos · zid yoki r>=7: []
[2026-09-29 05:11:54] YAKUN3: verify=0 mwrank=0 (0/0 = a(7)=797507543735 isbotlandi)
